* AERMOD ( 15181):  PM-10 Test Case for the AERMOD Model using MULTYEAR option              07/23/15
* AERMET ( 14134):                                                                          15:00:48
* MODELING OPTIONS USED:  NonDFAULT CONC      FLAT      MULTYR    RURAL
*         MAXI-FILE FOR 24-HR VALUES >= A THRESHOLD OF    30.00    
*         FOR SOURCE GROUP: ALL     
*         FORMAT: (1X,I3,1X,A8,1X,I8.8,2(1X,F13.5),3(1X,F7.2),1X,F13.5)                                                                                                                                                   
*AVE   GRP     DATE           X             Y        ZELEV   ZHILL   ZFLAG  AVERAGE CONC
*___ ________ ________  ____________  ____________  ______  ______  ______  ____________
  24 ALL      86022324     -86.82409     492.40388    0.00    0.00    0.00      33.48706
  24 ALL      86112324     -68.40403     187.93852    0.00    0.00    0.00      41.92232
  24 ALL      86112324     -34.72964     196.96155    0.00    0.00    0.00      55.81732
  24 ALL      86112324     -86.82409     492.40388    0.00    0.00    0.00      59.22515
  24 ALL      86112324    -173.64818     984.80775    0.00    0.00    0.00      44.63281
  24 ALL      86112324      -0.00000     200.00000    0.00    0.00    0.00      41.77524
  24 ALL      86112324      -0.00000     500.00000    0.00    0.00    0.00      38.81660
  24 ALL      86112624     -68.40403     187.93852    0.00    0.00    0.00      35.42232
  24 ALL      86112624     -34.72964     196.96155    0.00    0.00    0.00      36.17500
  24 ALL      86112624     -86.82409     492.40388    0.00    0.00    0.00      34.29908
  24 ALL      86122224     -86.82409     492.40388    0.00    0.00    0.00      30.67030
  24 ALL      87012824     -86.82409     492.40388    0.00    0.00    0.00      30.72925
  24 ALL      87013124     -68.40403     187.93852    0.00    0.00    0.00      44.19080
  24 ALL      87013124     -34.72964     196.96155    0.00    0.00    0.00      53.00601
  24 ALL      87013124     -86.82409     492.40388    0.00    0.00    0.00      55.72307
  24 ALL      87013124    -173.64818     984.80775    0.00    0.00    0.00      40.14843
  24 ALL      87013124      -0.00000     200.00000    0.00    0.00    0.00      35.76188
  24 ALL      87013124      -0.00000     500.00000    0.00    0.00    0.00      31.01020
  24 ALL      87120624     -34.72964     196.96155    0.00    0.00    0.00      30.81560
  24 ALL      87120624     -86.82409     492.40388    0.00    0.00    0.00      32.25757
  24 ALL      87120724     -68.40403     187.93852    0.00    0.00    0.00      31.12466
  24 ALL      87120724     -34.72964     196.96155    0.00    0.00    0.00      30.58647
  24 ALL      87120724     -86.82409     492.40388    0.00    0.00    0.00      31.40314
  24 ALL      87120924      -0.00000     500.00000    0.00    0.00    0.00      31.52704
  24 ALL      88011324     -86.82409     492.40388    0.00    0.00    0.00      31.45099
  24 ALL      88011424     -34.72964     196.96155    0.00    0.00    0.00      33.99008
  24 ALL      88011424     -86.82409     492.40388    0.00    0.00    0.00      35.06189
  24 ALL      88070624    -171.01007    -469.84631    0.00    0.00    0.00      31.93425
  24 ALL      88072324    -171.01007    -469.84631    0.00    0.00    0.00      32.95992
  24 ALL      88072524    -250.00000    -433.01270    0.00    0.00    0.00      30.84595
  24 ALL      88083124    -171.01007    -469.84631    0.00    0.00    0.00      31.70461
  24 ALL      88083124    -342.02014    -939.69262    0.00    0.00    0.00      30.22374
  24 ALL      88090824    -173.64818    -984.80775    0.00    0.00    0.00      33.06541
  24 ALL      88091224    -321.39380    -383.02222    0.00    0.00    0.00      33.06917
  24 ALL      88110224      -0.00000     500.00000    0.00    0.00    0.00      33.68568
  24 ALL      88110224      -0.00000    1000.00000    0.00    0.00    0.00      31.47968
  24 ALL      88122924      -0.00000     200.00000    0.00    0.00    0.00      32.33717
  24 ALL      88122924      -0.00000     500.00000    0.00    0.00    0.00      33.42954
  24 ALL      89011524      86.82409     492.40388    0.00    0.00    0.00      33.26347
  24 ALL      89011624      86.82409     492.40388    0.00    0.00    0.00      31.83198
  24 ALL      89021624     -34.72964     196.96155    0.00    0.00    0.00      31.35449
  24 ALL      89021624     -86.82409     492.40388    0.00    0.00    0.00      31.23818
  24 ALL      89021624      -0.00000     500.00000    0.00    0.00    0.00      32.13554
  24 ALL      89090624    -171.01007    -469.84631    0.00    0.00    0.00      30.74506
  24 ALL      89120424      34.72964     196.96155    0.00    0.00    0.00      33.04107
  24 ALL      89120424      86.82409     492.40388    0.00    0.00    0.00      38.77913
  24 ALL      90020724      86.82409     492.40388    0.00    0.00    0.00      30.03740
  24 ALL      90020724      -0.00000     500.00000    0.00    0.00    0.00      30.23838
  24 ALL      90062124      86.82409    -492.40388    0.00    0.00    0.00      35.04533
  24 ALL      90062124     173.64818    -984.80775    0.00    0.00    0.00      34.05522
  24 ALL      90071824    -171.01007    -469.84631    0.00    0.00    0.00      34.04336
  24 ALL      90071824    -342.02014    -939.69262    0.00    0.00    0.00      30.56797
  24 ALL      90110924      -0.00000     500.00000    0.00    0.00    0.00      30.20258
  24 ALL      90112324     -34.72964     196.96155    0.00    0.00    0.00      32.28598
  24 ALL      90112324     -86.82409     492.40388    0.00    0.00    0.00      35.99337
  24 ALL      90112424     -34.72964     196.96155    0.00    0.00    0.00      34.32549
  24 ALL      90112424     -86.82409     492.40388    0.00    0.00    0.00      31.30972
  24 ALL      90112424      -0.00000     200.00000    0.00    0.00    0.00      30.14058
  24 ALL      90112424      -0.00000     500.00000    0.00    0.00    0.00      33.41644
