  
    ************ Error Message List *************
  
    PW     --- Pathway                           
    Code   --- Error Type + Error Code           
    L#     --- The Line Number Where Error Occurs
    ModNam --- Module Name In Which Error Occurs 
    Hints  --- Hints For The Possible Solution   
    *********************************************
  
PW CODE    L#      MODNAM                       ERROR MESSAGES                      HINTS
-- ---- ------- ------------  -------------------------------------------------- ------------
  
CO W361      15       COCARD: Multiyear PERIOD/ANNUAL values for NO2/SO2 require MULTYEAR Opt
CO W362      15       COCARD: Multiyear 1h NO2/SO2 processing not applicable for     3-hr Ave
CO W362      15       COCARD: Multiyear 1h NO2/SO2 processing not applicable for     8-hr Ave
CO W362      15       COCARD: Multiyear 1h NO2/SO2 processing not applicable for    24-hr Ave
